// Jest Snapshot v1, https://goo.gl/fbAQLP

exports[`Landing Page Snapshot Of Landing Page 1`] = `
<div>
  <NavbarComponent />
  <div
    class="carouselDiv"
  >
    <div
      class="carousel slide"
      data-ride="carousel"
      id="carouselExampleCaptions"
    >
      <ol
        class="carousel-indicators"
      >
        <li
          class="active"
          data-slide-to="0"
          data-target="#carouselExampleCaptions"
        />
        <li
          data-slide-to="1"
          data-target="#carouselExampleCaptions"
        />
        <li
          data-slide-to="2"
          data-target="#carouselExampleCaptions"
        />
      </ol>
      <div
        class="carousel-inner"
      >
        <div
          class="carousel-item active"
        >
          <img
            alt="displayimg"
            class="d-block w-100"
            height="550px"
            src="https://www.reliablesoft.net/wp-content/uploads/2017/07/homepage-seo-ecommerce.jpg"
            width="100px"
          />
          <div
            class="carousel-caption d-none d-md-block"
          >
            <h5>
              Online Shopping
            </h5>
            <p>
              React Capstone Project
            </p>
          </div>
        </div>
        <div
          class="carousel-item"
        >
          <img
            alt="displayimg"
            class="d-block w-100"
            height="550px"
            src="https://www.pretty-pages.com/wp-content/uploads/2018/10/facebook-online-shopping-post.jpg"
            width="100px"
          />
          <div
            class="carousel-caption d-none d-md-block"
          >
            <h5>
              Online Shopping
            </h5>
            <p>
              React Capstone Project
            </p>
          </div>
        </div>
        <div
          class="carousel-item"
        >
          <img
            alt="displayimg"
            class="d-block w-100"
            height="550px"
            src="https://mk0ethicalnetgpxgjkd.kinstacdn.com/wp-content/uploads/2019/11/thumbnail-onine-shopping.jpg"
            width="100px"
          />
          <div
            class="carousel-caption d-none d-md-block"
          >
            <h5>
              Online Shopping
            </h5>
            <p>
              React Capstone Project
            </p>
          </div>
        </div>
      </div>
      <a
        class="carousel-control-prev"
        data-slide="prev"
        href="#carouselExampleCaptions"
        role="button"
      >
        <span
          aria-hidden="true"
          class="carousel-control-prev-icon"
        />
        <span
          class="sr-only"
        >
          Previous
        </span>
      </a>
      <a
        class="carousel-control-next"
        data-slide="next"
        href="#carouselExampleCaptions"
        role="button"
      >
        <span
          aria-hidden="true"
          class="carousel-control-next-icon"
        />
        <span
          class="sr-only"
        >
          Next
        </span>
      </a>
    </div>
  </div>
  <section
    class="text-center about"
  >
    <h1>
      About US
    </h1>
    <div
      class="container"
    >
      <div
        class="row"
      >
        <div
          class="col-lg-4 col-sm-12 about-item wow lightSpeedIn"
          data-wow-offset="200"
        >
          <span
            class="fa fa-group"
          />
          <h2>
            Fully functional
          </h2>
          <p
            class="lead"
          >
            Login to app to view all features available in the platform
          </p>
        </div>
        <div
          class="col-lg-3 col-sm-12 about-item wow lightSpeedIn"
          data-wow-offset="200"
        >
          <span
            class="fa fa-info"
          />
          <h2>
            Statistics
          </h2>
          <p
            class="lead"
          >
            View the product statistics based on popularity
          </p>
        </div>
        <div
          class="clearfix visible-md-block visible-sm-block"
        />
        <div
          class="col-lg-4 col-sm-6 col-ex-12 about-item wow lightSpeedIn"
          data-wow-offset="200"
        >
          <span
            class="fa fa-shopping-cart"
          />
          <h2>
            Shop products
          </h2>
          <p
            class="lead"
          >
            Select from a wide range of available products
          </p>
        </div>
      </div>
    </div>
  </section>
  <div
    className="container"
  >
    <section />
  </div>
  <footer
    className="bg-light"
  >
    <div
      class="container"
    >
      <div
        class="row"
      >
        <div
          class="col-xs-6"
        >
          <p
            class="copyright-text"
          >
            Â© Product Mart 2020 All Rights Reserved
            <br />
            Designed by Shine Xavier.
          </p>
        </div>
      </div>
    </div>
  </footer>
</div>
`;
